CREATE EXTENSION dummy_toaster;
CREATE TABLE tst_failed (
	t text TOASTER dummy_toaster TOASTER dummy_toaster
);
ERROR:  multiple TOASTER clauses not allowed
CREATE TABLE tst1 (
	t text TOASTER dummy_toaster
);
ERROR:  unimplemented yet (toaster: dummy_toaster)
CREATE TABLE tst2 (
	t	text
);
ALTER TABLE tst2 ALTER COLUMN t SET TOASTER dummy_toaster;
ERROR:  unimplemented yet (toaster: dummy_toaster)
